// Jest Snapshot v1, https://goo.gl/fbAQLP

exports[`renders the WeatherIcon 1`] = `
<DocumentFragment>
  <div
    class="MuiAvatar-root MuiAvatar-square WeatherIcon-avatar-2 MuiAvatar-colorDefault"
  >
    <div
      class="WeatherIcon-first-1 WeatherIcon-first-3"
    />
  </div>
</DocumentFragment>
`;
